// Bun Snapshot v1, https://goo.gl/fbAQLP

exports[`should return only nodes of type span 1`] = `
[
  {
    "type": "span",
    "value": "foo",
  },
  {
    "type": "span",
    "value": "var",
  },
]
`;

exports[`should return every nodes available 1`] = `
[
  [
    1,
    2,
    3,
  ],
  1,
  2,
  3,
]
`;
